// Jest Snapshot v1, https://goo.gl/fbAQLP

exports[`Test suite for the <App /> component should check it renders correctly by comparing to a saved snapshot 1`] = `
<Layout>
  <div
    data-behavior="comp-choice"
  >
    The Computer's Choice: 
  </div>
  <br />
  <div
    data-behavior="human-choice"
  >
    Your Choice: 
  </div>
   
  <br />
  <div
    data-behavior="total-games"
  >
    Total Games Played: 
    0
  </div>
  <br />
  <div
    data-behavior="comp-wins"
  >
    Games won by the Computer: 
    0
  </div>
   
  <br />
  <div
    data-behavior="human-wins"
  >
    Games won by you: 
    0
  </div>
   
  <br />
  <div
    data-behavior="ties"
  >
    Number of Ties: 
    0
  </div>
   
  <br />
  <div>
    <button
      data-behavior="btn-scissors"
      onClick={[Function]}
    >
      SCISSORS
    </button>
    <button
      data-behavior="btn-paper"
      onClick={[Function]}
    >
      PAPER
    </button>
    <button
      data-behavior="btn-rock"
      onClick={[Function]}
    >
      ROCK
    </button>
  </div>
  <div
    data-behavior="set-winner"
  />
  <div>
    <div />
  </div>
   
  <br />
  <Link
    href="/index"
  >
    <a>
      Home Page
    </a>
  </Link>
</Layout>
`;
